­ƒöæ Testing API Key: Present

­ƒºá Testing Text Models:
Testing gemini-1.5-flash... ÔØî FAILED
   Error: [GoogleGenerativeAI Error]: Error fetching from https://generativelanguage.googleapis.com/v1beta/models/gemini-1.5-flash:generateContent: [404 Not Found] models/gemini-1.5-flash is not found for API version v1beta, or is not supported for generateContent. Call ListModels to see the list of available models and their supported methods.
Testing gemini-1.5-pro... ÔØî FAILED
   Error: [GoogleGenerativeAI Error]: Error fetching from https://generativelanguage.googleapis.com/v1beta/models/gemini-1.5-pro:generateContent: [404 Not Found] models/gemini-1.5-pro is not found for API version v1beta, or is not supported for generateContent. Call ListModels to see the list of available models and their supported methods.
Testing gemini-1.0-pro... ÔØî FAILED
   Error: [GoogleGenerativeAI Error]: Error fetching from https://generativelanguage.googleapis.com/v1beta/models/gemini-1.0-pro:generateContent: [404 Not Found] models/gemini-1.0-pro is not found for API version v1beta, or is not supported for generateContent. Call ListModels to see the list of available models and their supported methods.
Testing gemini-pro... ÔØî FAILED
   Error: [GoogleGenerativeAI Error]: Error fetching from https://generativelanguage.googleapis.com/v1beta/models/gemini-pro:generateContent: [404 Not Found] models/gemini-pro is not found for API version v1beta, or is not supported for generateContent. Call ListModels to see the list of available models and their supported methods.

­ƒÄ¿ Testing Imagen (REST):
ÔØî Imagen FAILED
   Status: 404
   Data: {"error":{"code":404,"message":"models/imagen-3.0-generate-001 is not found for API version v1beta, or is not supported for predict. Call ListModels to see the list of available models and their supported methods.","status":"NOT_FOUND"}}
